WCCILdata    (0), 2026.03.20 12:49:05.439, SYS,  INFO,        1, Manager Start, PROJ, Lamps, V 3.18 - 3.18   platform Windows AMD64 linked at Nov 10 2021 20:28:52 (a061d04d4492)
WCCILdata    (0), 2026.03.20 12:49:05.442, SYS,  INFO,        0, , (Re)Opening databases in single user mode without transaction logging.
WCCILdata    (0), 2026.03.20 12:49:06.498, SYS,  INFO,        0, , Initialize archive smoothing
WCCILdata    (0), 2026.03.20 12:49:06.498, SYS,  INFO,        0, , Initialize archive smoothing
WCCILdata    (0), 2026.03.20 12:49:06.498, SYS,  INFO,        0, , Loading DpIdentification
WCCILdata    (0), 2026.03.20 12:49:06.499, SYS,  INFO,        0, , Initializing last value cache
WCCILdata    (0), 2026.03.20 12:49:06.499, SYS,  INFO,        0, , Loading internal datapoints
WCCILdata    (0), 2026.03.20 12:49:06.499, SYS,  WARNING,    33, General error in Data Manager, DataManDpIntern, loadInternalDp, Internal DPE not found: _DataManager.DataBase.Check:_original.._value
WCCILdata    (0), 2026.03.20 12:49:06.499, SYS,  INFO,        0, , Initializing ID history
WCCILdata    (0), 2026.03.20 12:49:06.499, SYS,  INFO,        0, , Initializing Alert history
WCCILdata    (0), 2026.03.20 12:49:06.501, SYS,  INFO,        0, , Initializing Alert Class cache
WCCILdata    (0), 2026.03.20 12:49:06.502, SYS,  INFO,        6, Initialization by Data Manager finished
WCCILdata    (0), 2026.03.20 12:49:06.502, PARAM,SEVERE,      8, Element does not exist, problem during archive initialization, datapoint does not exist:, _ValueArchive_0.arNr:_original.._value
WCCILdata    (0), 2026.03.20 12:49:06.503, PARAM,SEVERE,      8, Element does not exist, problem during archive initialization, datapoint does not exist:, _ValueArchive_0.state:_original.._value
WCCILdata    (0), 2026.03.20 12:49:06.503, PARAM,SEVERE,      8, Element does not exist, problem during archive initialization, datapoint does not exist:, _ValueArchive_0.general.arType:_original.._value
WCCILdata    (0), 2026.03.20 12:49:06.503, PARAM,SEVERE,      8, Element does not exist, problem during archive initialization, datapoint does not exist:, _ValueArchive_0.general.arName:_original.._value
WCCILdata    (0), 2026.03.20 12:49:06.503, PARAM,SEVERE,      8, Element does not exist, problem during archive initialization, datapoint does not exist:, _ValueArchive_0.general.hostNameGet:_original.._value
WCCILdata    (0), 2026.03.20 12:49:06.503, PARAM,SEVERE,      8, Element does not exist, problem during archive initialization, datapoint does not exist:, _ValueArchive_0.general.hostNameSet:_original.._value
WCCILdata    (0), 2026.03.20 12:49:06.503, PARAM,SEVERE,      8, Element does not exist, problem during archive initialization, datapoint does not exist:, _ValueArchive_0.general.filePathGet:_original.._value
WCCILdata    (0), 2026.03.20 12:49:06.503, PARAM,SEVERE,      8, Element does not exist, problem during archive initialization, datapoint does not exist:, _ValueArchive_0.general.filePathSet:_original.._value
WCCILdata    (0), 2026.03.20 12:49:06.503, PARAM,SEVERE,      8, Element does not exist, problem during archive initialization, datapoint does not exist:, _ValueArchive_0.general.fileNameGet:_original.._value
WCCILdata    (0), 2026.03.20 12:49:06.503, PARAM,SEVERE,      8, Element does not exist, problem during archive initialization, datapoint does not exist:, _ValueArchive_0.general.fileNameSet:_original.._value
WCCILdata    (0), 2026.03.20 12:49:06.503, PARAM,SEVERE,      8, Element does not exist, problem during archive initialization, datapoint does not exist:, _ValueArchive_0.general.createArchive:_original.._value
WCCILdata    (0), 2026.03.20 12:49:06.503, PARAM,SEVERE,      8, Element does not exist, problem during archive initialization, datapoint does not exist:, _ValueArchive_0.general.forwardToRDB:_original.._value
WCCILdata    (0), 2026.03.20 12:49:06.503, PARAM,SEVERE,      8, Element does not exist, problem during archive initialization, datapoint does not exist:, _ValueArchive_0.error.errNum:_original.._value
WCCILdata    (0), 2026.03.20 12:49:06.503, PARAM,SEVERE,      8, Element does not exist, problem during archive initialization, datapoint does not exist:, _ValueArchive_0.error.errDp:_original.._value
WCCILdata    (0), 2026.03.20 12:49:06.503, PARAM,SEVERE,      8, Element does not exist, problem during archive initialization, datapoint does not exist:, _ValueArchive_0.error.errBit:_original.._value
WCCILdata    (0), 2026.03.20 12:49:06.503, PARAM,SEVERE,      8, Element does not exist, problem during archive initialization, datapoint does not exist:, _ValueArchive_0.error.errRead:_original.._value
WCCILdata    (0), 2026.03.20 12:49:06.503, PARAM,SEVERE,      8, Element does not exist, problem during archive initialization, datapoint does not exist:, _ValueArchive_0.size.maxDpElGet:_original.._value
WCCILdata    (0), 2026.03.20 12:49:06.503, PARAM,SEVERE,      8, Element does not exist, problem during archive initialization, datapoint does not exist:, _ValueArchive_0.size.maxDpElSet:_original.._value
WCCILdata    (0), 2026.03.20 12:49:06.503, PARAM,SEVERE,      8, Element does not exist, problem during archive initialization, datapoint does not exist:, _ValueArchive_0.size.maxValuesGet:_original.._value
WCCILdata    (0), 2026.03.20 12:49:06.503, PARAM,SEVERE,      8, Element does not exist, problem during archive initialization, datapoint does not exist:, _ValueArchive_0.size.maxValuesSet:_original.._value
WCCILdata    (0), 2026.03.20 12:49:06.503, PARAM,SEVERE,      8, Element does not exist, problem during archive initialization, datapoint does not exist:, _ValueArchive_0.size.maxFillPctGet:_original.._value
WCCILdata    (0), 2026.03.20 12:49:06.503, PARAM,SEVERE,      8, Element does not exist, problem during archive initialization, datapoint does not exist:, _ValueArchive_0.size.maxFillPctSet:_original.._value
WCCILdata    (0), 2026.03.20 12:49:06.503, PARAM,SEVERE,      8, Element does not exist, problem during archive initialization, datapoint does not exist:, _ValueArchive_0.size.maxHeapSizeGet:_original.._value
WCCILdata    (0), 2026.03.20 12:49:06.503, PARAM,SEVERE,      8, Element does not exist, problem during archive initialization, datapoint does not exist:, _ValueArchive_0.size.maxHeapSizeSet:_original.._value
WCCILdata    (0), 2026.03.20 12:49:06.503, PARAM,SEVERE,      8, Element does not exist, problem during archive initialization, datapoint does not exist:, _ValueArchive_0.size.maxCacheGet:_original.._value
WCCILdata    (0), 2026.03.20 12:49:06.503, PARAM,SEVERE,      8, Element does not exist, problem during archive initialization, datapoint does not exist:, _ValueArchive_0.size.maxCacheSet:_original.._value
WCCILdata    (0), 2026.03.20 12:49:06.503, PARAM,SEVERE,      8, Element does not exist, problem during archive initialization, datapoint does not exist:, _ValueArchive_0.size.maxCorrCacheGet:_original.._value
WCCILdata    (0), 2026.03.20 12:49:06.503, PARAM,SEVERE,      8, Element does not exist, problem during archive initialization, datapoint does not exist:, _ValueArchive_0.size.maxCorrCacheSet:_original.._value
WCCILdata    (0), 2026.03.20 12:49:06.503, PARAM,SEVERE,      8, Element does not exist, problem during archive initialization, datapoint does not exist:, _ValueArchive_0.intervals.aliveInterval:_original.._value
WCCILdata    (0), 2026.03.20 12:49:06.503, PARAM,SEVERE,      8, Element does not exist, problem during archive initialization, datapoint does not exist:, _ValueArchive_0.intervals.saveCycle:_original.._value
WCCILdata    (0), 2026.03.20 12:49:06.503, PARAM,SEVERE,      8, Element does not exist, problem during archive initialization, datapoint does not exist:, _ValueArchive_0.setMgmt.fileSwitch.switchTimeGet.validFrom:_original.._value
WCCILdata    (0), 2026.03.20 12:49:06.503, PARAM,SEVERE,      8, Element does not exist, problem during archive initialization, datapoint does not exist:, _ValueArchive_0.setMgmt.fileSwitch.switchTimeGet.validUntil:_original.._value
WCCILdata    (0), 2026.03.20 12:49:06.503, PARAM,SEVERE,      8, Element does not exist, problem during archive initialization, datapoint does not exist:, _ValueArchive_0.setMgmt.fileSwitch.switchTimeGet.time:_original.._value
WCCILdata    (0), 2026.03.20 12:49:06.503, PARAM,SEVERE,      8, Element does not exist, problem during archive initialization, datapoint does not exist:, _ValueArchive_0.setMgmt.fileSwitch.switchTimeGet.weekDay:_original.._value
WCCILdata    (0), 2026.03.20 12:49:06.503, PARAM,SEVERE,      8, Element does not exist, problem during archive initialization, datapoint does not exist:, _ValueArchive_0.setMgmt.fileSwitch.switchTimeGet.monthDay:_original.._value
WCCILdata    (0), 2026.03.20 12:49:06.503, PARAM,SEVERE,      8, Element does not exist, problem during archive initialization, datapoint does not exist:, _ValueArchive_0.setMgmt.fileSwitch.switchTimeGet.month:_original.._value
WCCILdata    (0), 2026.03.20 12:49:06.503, PARAM,SEVERE,      8, Element does not exist, problem during archive initialization, datapoint does not exist:, _ValueArchive_0.setMgmt.fileSwitch.switchTimeGet.syncTime:_original.._value
WCCILdata    (0), 2026.03.20 12:49:06.503, PARAM,SEVERE,      8, Element does not exist, problem during archive initialization, datapoint does not exist:, _ValueArchive_0.setMgmt.fileSwitch.switchTimeGet.syncWeekDay:_original.._value
WCCILdata    (0), 2026.03.20 12:49:06.503, PARAM,SEVERE,      8, Element does not exist, problem during archive initialization, datapoint does not exist:, _ValueArchive_0.setMgmt.fileSwitch.switchTimeGet.syncDay:_original.._value
WCCILdata    (0), 2026.03.20 12:49:06.503, PARAM,SEVERE,      8, Element does not exist, problem during archive initialization, datapoint does not exist:, _ValueArchive_0.setMgmt.fileSwitch.switchTimeGet.syncMonth:_original.._value
WCCILdata    (0), 2026.03.20 12:49:06.503, PARAM,SEVERE,      8, Element does not exist, problem during archive initialization, datapoint does not exist:, _ValueArchive_0.setMgmt.fileSwitch.switchTimeGet.interval:_original.._value
WCCILdata    (0), 2026.03.20 12:49:06.503, PARAM,SEVERE,      8, Element does not exist, problem during archive initialization, datapoint does not exist:, _ValueArchive_0.setMgmt.fileSwitch.switchTimeGet.delay:_original.._value
WCCILdata    (0), 2026.03.20 12:49:06.503, PARAM,SEVERE,      8, Element does not exist, problem during archive initialization, datapoint does not exist:, _ValueArchive_0.setMgmt.fileSwitch.switchTimeSet.validFrom:_original.._value
WCCILdata    (0), 2026.03.20 12:49:06.503, PARAM,SEVERE,      8, Element does not exist, problem during archive initialization, datapoint does not exist:, _ValueArchive_0.setMgmt.fileSwitch.switchTimeSet.validUntil:_original.._value
WCCILdata    (0), 2026.03.20 12:49:06.503, PARAM,SEVERE,      8, Element does not exist, problem during archive initialization, datapoint does not exist:, _ValueArchive_0.setMgmt.fileSwitch.switchTimeSet.time:_original.._value
WCCILdata    (0), 2026.03.20 12:49:06.503, PARAM,SEVERE,      8, Element does not exist, problem during archive initialization, datapoint does not exist:, _ValueArchive_0.setMgmt.fileSwitch.switchTimeSet.weekDay:_original.._value
WCCILdata    (0), 2026.03.20 12:49:06.503, PARAM,SEVERE,      8, Element does not exist, problem during archive initialization, datapoint does not exist:, _ValueArchive_0.setMgmt.fileSwitch.switchTimeSet.monthDay:_original.._value
WCCILdata    (0), 2026.03.20 12:49:06.503, PARAM,SEVERE,      8, Element does not exist, problem during archive initialization, datapoint does not exist:, _ValueArchive_0.setMgmt.fileSwitch.switchTimeSet.month:_original.._value
WCCILdata    (0), 2026.03.20 12:49:06.503, PARAM,SEVERE,      8, Element does not exist, problem during archive initialization, datapoint does not exist:, _ValueArchive_0.setMgmt.fileSwitch.switchTimeSet.syncTime:_original.._value
WCCILdata    (0), 2026.03.20 12:49:06.503, PARAM,SEVERE,      8, Element does not exist, problem during archive initialization, datapoint does not exist:, _ValueArchive_0.setMgmt.fileSwitch.switchTimeSet.syncWeekDay:_original.._value
WCCILdata    (0), 2026.03.20 12:49:06.503, SYS,  SEVERE,    118, Last error already repeated 50 times. Until another output occurs, this one will be blocked.
WCCILdata    (0), 2026.03.20 12:49:06.504, PARAM,SEVERE,      8, Element does not exist, problem during archive initialization, datapoint does not exist:, _ValueArchive_0.setMgmt.fileCompression.autoStartAfterSwitchSet:_original.._value
WCCILdata    (0), 2026.03.20 12:49:06.504, SYS,  INFO,      119, Last error repeated 213 times.
WCCILdata    (0), 2026.03.20 12:49:06.504, SYS,  INFO,        0, , Initializing Value Archives
WCCILdata    (0), 2026.03.20 12:49:06.504, SYS,  INFO,        0, , ValueArchive will be used...
WCCILdata    (0), 2026.03.20 12:49:06.622, SYS,  INFO,        4, Connected to (SYS: 1 Event -num 0 CONN: 1) @ DESKTOP-I9JN03K (::1)
WCCILdata    (0), 2026.03.20 12:49:06.638, SYS,  INFO,        0, , Manager (SYS: 1 Event -num 0 CONN: 1) initialised
WCCILdata    (0), 2026.03.20 12:49:06.640, PARAM,WARNING,     7, Datapoint does not exist, UserTable, UserTable, _Users.UserId
WCCILdata    (0), 2026.03.20 12:49:06.640, PARAM,WARNING,     7, Datapoint does not exist, ManagerTable, ManagerTable, _Managers.Auth.ManType
WCCILdata    (0), 2026.03.20 12:49:06.722, SYS,  INFO,        4, Connected to (SYS: 1 Driver -num 1 CONN: 1) @ DESKTOP-I9JN03K (::1)
WCCILdata    (0), 2026.03.20 12:49:06.745, SYS,  INFO,        0, , Manager (SYS: 1 Driver -num 1 CONN: 1) initialised
WCCILdata    (0), 2026.03.20 12:49:06.850, SYS,  INFO,        4, Connected to (SYS: 1 Ascii -num 1 CONN: 1) @ DESKTOP-I9JN03K (::1)
WCCILdata    (0), 2026.03.20 12:49:06.856, SYS,  INFO,        0, , Manager (SYS: 1 Ascii -num 1 CONN: 1) initialised
WCCILdata    (0), 2026.03.20 12:49:07.153, SYS,  WARNING,    39, Connection lost, MAN: (SYS: 1 Ascii -num 1 CONN: 1), Connection reset by peer (10054)
WCCILdata    (0), 2026.03.20 12:49:07.230, SYS,  INFO,        4, Connected to (SYS: 1 Ascii -num 1 CONN: 1) @ DESKTOP-I9JN03K (::1)
WCCILdata    (0), 2026.03.20 12:49:07.232, SYS,  INFO,        0, , Manager (SYS: 1 Ascii -num 1 CONN: 1) initialised
WCCILdata    (0), 2026.03.20 12:49:07.686, SYS,  WARNING,    39, Connection lost, MAN: (SYS: 1 Ascii -num 1 CONN: 1), Connection reset by peer (10054)
WCCILdata    (0), 2026.03.20 12:49:07.781, SYS,  INFO,        4, Connected to (SYS: 1 Ascii -num 1 CONN: 1) @ DESKTOP-I9JN03K (::1)
WCCILdata    (0), 2026.03.20 12:49:07.783, SYS,  INFO,        0, , Manager (SYS: 1 Ascii -num 1 CONN: 1) initialised
WCCILdata    (0), 2026.03.20 12:49:35.866, SYS,  WARNING,    39, Connection lost, MAN: (SYS: 1 Ascii -num 1 CONN: 1), Connection reset by peer (10054)
WCCILdata    (0), 2026.03.20 12:49:35.948, SYS,  INFO,        4, Connected to (SYS: 1 Ascii -num 1 CONN: 1) @ DESKTOP-I9JN03K (::1)
WCCILdata    (0), 2026.03.20 12:49:35.956, SYS,  INFO,        0, , Manager (SYS: 1 Ascii -num 1 CONN: 1) initialised
WCCILdata    (0), 2026.03.20 12:49:35.978, SYS,  WARNING,    39, Connection lost, MAN: (SYS: 1 Ascii -num 1 CONN: 1), Connection reset by peer (10054)
WCCILdata    (0), 2026.03.20 12:49:36.055, SYS,  INFO,        4, Connected to (SYS: 1 Ascii -num 1 CONN: 1) @ DESKTOP-I9JN03K (::1)
WCCILdata    (0), 2026.03.20 12:49:36.063, SYS,  INFO,        0, , Manager (SYS: 1 Ascii -num 1 CONN: 1) initialised
WCCILdata    (0), 2026.03.20 12:49:36.085, SYS,  WARNING,    39, Connection lost, MAN: (SYS: 1 Ascii -num 1 CONN: 1), Connection reset by peer (10054)
WCCILdata    (0), 2026.03.20 12:49:36.125, SYS,  INFO,       39, Connection lost, MAN: (SYS: 1 Driver -num 1 CONN: 1), Connection closed
WCCILdata    (0), 2026.03.20 12:49:36.234, SYS,  INFO,       39, Connection lost, MAN: (SYS: 1 Event -num 0 CONN: 1), Connection closed
WCCILdata    (0), 2026.03.20 12:49:36.237, SYS,  INFO,        0, , Loading DpIdentification
WCCILdata    (0), 2026.03.20 12:49:36.242, SYS,  INFO,        2, Manager Stop
