WCCILsim     (1), 2026.03.20 12:49:06.716, SYS,  INFO,        1, Manager Start, PROJ, Lamps, V 3.18 - 3.18   platform Windows AMD64 linked at Nov 10 2021 20:28:52 (a061d04d4492)
WCCILsim     (1), 2026.03.20 12:49:06.721, SYS,  INFO,        3, Trying to connect to (SYS: 0 Data -num 0 CONN: 1) @ localhost:4897
WCCILsim     (1), 2026.03.20 12:49:06.722, SYS,  INFO,        4, Connected to (SYS: 0 Data -num 0 CONN: 1) @ DESKTOP-I9JN03K (::1)
WCCILsim     (1), 2026.03.20 12:49:06.723, PARAM,SEVERE,     71, DP does not exist, _Stat_Configs_driver_1._address:_original.._value
WCCILsim     (1), 2026.03.20 12:49:06.723, PARAM,SEVERE,     71, DP does not exist, _Stat_Configs_driver_1._cmd_conv:_original.._value
WCCILsim     (1), 2026.03.20 12:49:06.724, PARAM,SEVERE,     71, DP does not exist, _Stat_Configs_driver_1._msg_conv:_original.._value
WCCILsim     (1), 2026.03.20 12:49:06.724, PARAM,SEVERE,     71, DP does not exist, _Stat_Configs_driver_1._smooth:_original.._value
WCCILsim     (1), 2026.03.20 12:49:06.724, PARAM,SEVERE,     71, DP does not exist, _Stat_Configs_Refresh.SecsToRefresh:_original.._value
WCCILsim     (1), 2026.03.20 12:49:06.745, SYS,  INFO,        6, Initialization by Data Manager finished
WCCILsim     (1), 2026.03.20 12:49:06.745, SYS,  INFO,        3, Trying to connect to (SYS: 1 Event -num 0 CONN: 1) @ localhost:4998
WCCILsim     (1), 2026.03.20 12:49:06.761, SYS,  INFO,        4, Connected to (SYS: 1 Event -num 0 CONN: 1) @ DESKTOP-I9JN03K (::1)
WCCILsim     (1), 2026.03.20 12:49:06.764, SYS,  INFO,      156, Driver initialization finished.
WCCILsim     (1), 2026.03.20 12:49:06.765, PARAM,WARNING,    54, Unexpected state, Cannot get DPID for _Driver1.AL.AClasses:_original.._value
WCCILsim     (1), 2026.03.20 12:49:06.765, PARAM,WARNING,    54, Unexpected state, Cannot get DPID for _Driver1.AL.AckDps:_original.._value
WCCILsim     (1), 2026.03.20 12:49:06.765, PARAM,WARNING,    54, Unexpected state, Cannot get DPID for _Driver1.AL.AckData:_original.._value
WCCILsim     (1), 2026.03.20 12:49:06.777, PARAM,WARNING,    90, DP attribute was connected twice, DP: (Type: 0 Sys: 1 Dp: 0 El: 0 : ..)
WCCILsim     (1), 2026.03.20 12:49:06.777, PARAM,WARNING,    54, Unexpected state, AlertDrvIntDp, dpReady, dpConnect failed to Ack DPs
WCCILsim     (1), 2026.03.20 12:49:36.088, SYS,  INFO,      170, Signal SIGTERM received - exiting ...
WCCILsim     (1), 2026.03.20 12:49:36.125, SYS,  INFO,      181, Closing connection to (SYS: 1 Data -num 0 CONN: 1)
WCCILsim     (1), 2026.03.20 12:49:36.125, SYS,  INFO,      181, Closing connection to (SYS: 1 Event -num 0 CONN: 1)
WCCILsim     (1), 2026.03.20 12:49:36.126, SYS,  INFO,       39, Connection lost, MAN: (SYS: 1 Data -num 0 CONN: 1), Connection closed
WCCILsim     (1), 2026.03.20 12:49:36.126, SYS,  INFO,       39, Connection lost, MAN: (SYS: 1 Event -num 0 CONN: 1), Connection closed
WCCILsim     (1), 2026.03.20 12:49:36.126, SYS,  INFO,        2, Manager Stop
