WCCOAui      (1), 2026.03.21 13:32:22.302,	Qt,	edit: editing failed
WCCOAui      (1), 2026.03.21 13:59:29.324,	Qt,	QPixmap::scaled: Pixmap is a null pixmap
WCCOAui      (1), 2026.03.21 13:59:29.542,	Qt,	QPixmap::scaled: Pixmap is a null pixmap
WCCOAui      (1), 2026.03.21 14:01:37.028,	Qt,	QImage::scaled: Image is a null image
WCCOAui      (1), 2026.03.21 14:31:29.685,	Qt,	QBasicTimer::stop: Failed. Possibly trying to stop from a different thread
WCCOAui      (1), 2026.03.21 14:31:29.685,	Qt,	QBasicTimer::stop: Failed. Possibly trying to stop from a different thread
WCCOAui      (1), 2026.03.21 14:31:29.685,	Qt,	QBasicTimer::stop: Failed. Possibly trying to stop from a different thread
WCCOAui      (1), 2026.03.21 14:31:29.685,	Qt,	QBasicTimer::stop: Failed. Possibly trying to stop from a different thread
WCCOAui      (1), 2026.03.21 14:31:29.686,	Qt,	QBasicTimer::stop: Failed. Possibly trying to stop from a different thread
WCCOAui      (1), 2026.03.21 14:31:29.686,	Qt,	QBasicTimer::stop: Failed. Possibly trying to stop from a different thread
WCCOAui      (1), 2026.03.21 14:31:29.686,	Qt,	QBasicTimer::stop: Failed. Possibly trying to stop from a different thread
WCCOAui      (1), 2026.03.21 14:31:29.866,	Qt,	QObject::~QObject: Timers cannot be stopped from another thread
WCCOAui      (1), 2026.03.22 13:59:24.141,	Qt,	QObject::~QObject: Timers cannot be stopped from another thread
WCCOAui      (1), 2026.03.22 15:31:17.183,	Qt,	QObject::~QObject: Timers cannot be stopped from another thread
WCCOAui      (1), 2026.03.22 17:25:22.451,	Qt,	QBasicTimer::stop: Failed. Possibly trying to stop from a different thread
WCCOAui      (1), 2026.03.22 17:25:22.572,	Qt,	QObject::~QObject: Timers cannot be stopped from another thread
WCCOAui      (1), 2026.03.22 17:26:22.217,	Qt,	QImage::scaled: Image is a null image
WCCOAui      (1), 2026.03.22 17:27:06.797,	Qt,	QImage::scaled: Image is a null image
WCCOAui      (1), 2026.03.22 17:55:49.857,	Qt,	QBasicTimer::stop: Failed. Possibly trying to stop from a different thread
WCCOAui      (1), 2026.03.22 17:55:49.857,	Qt,	QBasicTimer::stop: Failed. Possibly trying to stop from a different thread
WCCOAui      (1), 2026.03.22 17:55:49.857,	Qt,	QBasicTimer::stop: Failed. Possibly trying to stop from a different thread
WCCOAui      (1), 2026.03.22 17:55:49.857,	Qt,	QBasicTimer::stop: Failed. Possibly trying to stop from a different thread
WCCOAui      (1), 2026.03.22 17:55:49.976,	Qt,	QObject::~QObject: Timers cannot be stopped from another thread
["test"]["TRUE"]
["test"]["FALSE"]
["test"]["TRUE"]
["test"]["FALSE"]
["test"]["TRUE"]
["test"]["FALSE"]
["test"]["TRUE"]
["test"]["FALSE"]
["test"]["TRUE"]
["test"]["FALSE"]
["test"]["TRUE"]
["test"]["FALSE"]
["test"]["TRUE"]
["test"]["TRUE"]
["test"]["FALSE"]
["test"]["TRUE"]
["test"]["FALSE"]
["test"]["TRUE"]
["test"]["FALSE"]
["test"]["TRUE"]
["test"]["TRUE"]
["test"]["FALSE"]
["test"]["TRUE"]
["test"]["FALSE"]
["test"]["TRUE"]
["test"]["FALSE"]
["test"]["TRUE"]
["test"]["FALSE"]
["test"]["TRUE"]
["test"]["FALSE"]
["test"]["TRUE"]
["test"]["FALSE"]
["test"]["TRUE"]
["test"]["FALSE"]
["test"]["TRUE"]
["test"]["FALSE"]
["test"]["TRUE"]
["test"]["TRUE"]
["test"]["FALSE"]
["test"]["TRUE"]
["test"]["FALSE"]
["test"]["TRUE"]
["test"]["FALSE"]
["test"]["TRUE"]
["test"]["FALSE"]
["test"]["TRUE"]
["test"]["TRUE"]
["test"]["FALSE"]
["test"]["TRUE"]
["test"]["FALSE"]
["test"]["TRUE"]
["test"]["TRUE"]
["test"]["FALSE"]
["test"]["TRUE"]
["test"]["FALSE"]
["test"]["TRUE"]
["test"]["FALSE"]
["test"]["TRUE"]
["test"]["TRUE"]
["test"]["FALSE"]
["test"]["TRUE"]
["test"]["TRUE"]
["test"]["FALSE"]
["test"]["TRUE"]
["test"]["FALSE"]
["test"]["TRUE"]
["test"]["FALSE"]
["test"]["TRUE"]
["test"]["FALSE"]
["test"]["TRUE"]
["test"]["FALSE"]
["test"]["TRUE"]
["test"]["FALSE"]
["test"]["TRUE"]
["test"]["FALSE"]
["test"]["TRUE"]
["test"]["FALSE"]
["test"]["FALSE"]
["test"]["TRUE"]
["test"]["FALSE"]
["test"]["TRUE"]
["test"]["FALSE"]
["test"]["TRUE"]
["test"]["FALSE"]
["test"]["FALSE"]
["test"]["TRUE"]
["test"]["FALSE"]
["test"]["FALSE"]
["test"]["TRUE"]
["test"]["FALSE"]
["test"]["TRUE"]
["test"]["FALSE"]
["test"]["FALSE"]
["test"]["FALSE"]
["test"]["FALSE"]
["test"]["FALSE"]
["test"]["FALSE"]
["test"]["FALSE"]
["test"]["TRUE"]
["test"]["FALSE"]
["test"]["TRUE"]
["test"]["FALSE"]
["test"]["TRUE"]
["test"]["FALSE"]
["test"]["TRUE"]
["test"]["FALSE"]
["test"]["TRUE"]
["test"]["FALSE"]
["test"]["TRUE"]
["test"]["FALSE"]
["test"]["TRUE"]
["test"]["FALSE"]
["test"]["TRUE"]
["test"]["FALSE"]
["test"]["FALSE"]
["test"]["TRUE"]
["test"]["FALSE"]
["test"]["FALSE"]
["test"]["TRUE"]
["test"]["FALSE"]
["test"]["TRUE"]
["test"]["FALSE"]
["test"]["TRUE"]
["test"]["FALSE"]
["test"]["TRUE"]
["test"]["FALSE"]
["test"]["TRUE"]
["test"]["FALSE"]
["test"]["TRUE"]
["test"]["FALSE"]
["test"]["TRUE"]
["test"]["FALSE"]
["test"]["TRUE"]
["test"]["FALSE"]
["test"]["FALSE"]
["test"]["FALSE"]
["test"]["FALSE"]
["test"]["FALSE"]
["test"]["FALSE"]
["test"]["FALSE"]
["test"]["FALSE"]
["test"]["FALSE"]
WCCOAui      (1), 2026.03.23 11:38:22.259,	Qt,	QImage::scaled: Image is a null image
